Array
(
    [id] => 493
    [usr] => 6639
    [tbl] => temp_buyrequirement_image
)

Array
(
    [id] => 28
    [usr] => 79
    [tbl] => temp_buyrequirement_image
)

Array
(
    [id] => 28
    [br_id] => 0
    [tbl] => buy_requirement_edit
)

Array
(
    [id] => 28
    [br_id] => 0
    [tbl] => buy_requirement_edit
)

Array
(
    [id] => 18
    [br_id] => 0
    [tbl] => buy_requirement_edit
)

Array
(
    [id] => 27
    [br_id] => 0
    [tbl] => buy_requirement_edit
)

Array
(
    [id] => 28
    [br_id] => 0
    [tbl] => buy_requirement_edit
)

Array
(
    [id] => 29
    [br_id] => 0
    [tbl] => buy_requirement_edit
)

Array
(
    [id] => 28
    [br_id] => 0
    [tbl] => buy_requirement_edit
)

Array
(
    [id] => 28
    [br_id] => 0
    [tbl] => buy_requirement_edit
)

Array
(
    [id] => 29
    [br_id] => 0
    [tbl] => buy_requirement_edit
)

Array
(
)

Array
(
    [id] => 50
    [br_id] => 0
    [tbl] => buy_requirement_edit
)

Array
(
    [id] => 384
    [br_id] => 0
    [tbl] => buy_requirement_edit
)

